2025-04-21 17:05:40,793 - INFO - Starting TabNet pretraining...
2025-04-21 17:51:51,866 - INFO - epoch   1 | loss:  498.4990,  val_0_unsup_loss_numpy:12104.1494
2025-04-21 18:38:06,796 - INFO - epoch   2 | loss:  206.0766,  val_0_unsup_loss_numpy: 5798.1758
2025-04-21 19:24:25,251 - INFO - epoch   3 | loss:   44.6072,  val_0_unsup_loss_numpy:  140.2824
2025-04-21 20:10:38,922 - INFO - epoch   4 | loss:    1.9999,  val_0_unsup_loss_numpy:    8.1966
2025-04-21 20:56:53,574 - INFO - epoch   5 | loss:    1.0559,  val_0_unsup_loss_numpy:    6.4379
2025-04-21 21:43:10,398 - INFO - epoch   6 | loss:    0.7718,  val_0_unsup_loss_numpy:    8.8725
2025-04-21 22:29:18,707 - INFO - epoch   7 | loss:    0.6417,  val_0_unsup_loss_numpy:   19.6958
2025-04-21 23:15:29,011 - INFO - epoch   8 | loss:    0.5670,  val_0_unsup_loss_numpy:   40.9271
2025-04-22 00:01:39,069 - INFO - epoch   9 | loss:    0.5384,  val_0_unsup_loss_numpy:   16.9981
2025-04-22 00:47:49,726 - INFO - epoch  10 | loss:    0.5152,  val_0_unsup_loss_numpy:    6.2612
2025-04-22 01:34:03,910 - INFO - epoch  11 | loss:    0.4339,  val_0_unsup_loss_numpy:    9.1340
2025-04-22 02:20:16,200 - INFO - epoch  12 | loss:    0.4417,  val_0_unsup_loss_numpy:    2.9429
2025-04-22 03:06:25,649 - INFO - epoch  13 | loss:    0.4128,  val_0_unsup_loss_numpy:    6.3319
2025-04-22 03:52:35,575 - INFO - epoch  14 | loss:    0.4028,  val_0_unsup_loss_numpy:   14.2760
2025-04-22 04:38:45,182 - INFO - epoch  15 | loss:    0.3863,  val_0_unsup_loss_numpy:   12.0706
2025-04-22 05:24:54,689 - INFO - epoch  16 | loss:    0.3821,  val_0_unsup_loss_numpy:    5.0653
2025-04-22 06:11:04,812 - INFO - epoch  17 | loss:    0.3790,  val_0_unsup_loss_numpy:    9.7619
2025-04-22 06:57:17,602 - INFO - epoch  18 | loss:    0.3743,  val_0_unsup_loss_numpy:   11.3851
2025-04-22 07:43:29,620 - INFO - epoch  19 | loss:    0.3634,  val_0_unsup_loss_numpy:   12.3748
2025-04-22 08:29:41,922 - INFO - epoch  20 | loss:    0.3653,  val_0_unsup_loss_numpy:    9.1485
2025-04-22 09:15:52,407 - INFO - epoch  21 | loss:    0.3782,  val_0_unsup_loss_numpy:    7.7806
2025-04-22 10:02:04,505 - INFO - epoch  22 | loss:    0.3581,  val_0_unsup_loss_numpy:   15.0433
2025-04-22 10:48:14,991 - INFO - epoch  23 | loss:    0.3549,  val_0_unsup_loss_numpy:   12.5617
2025-04-22 11:34:26,906 - INFO - epoch  24 | loss:    0.3452,  val_0_unsup_loss_numpy:   10.2252
2025-04-22 12:20:38,900 - INFO - epoch  25 | loss:    0.3501,  val_0_unsup_loss_numpy:    6.7568
2025-04-22 13:06:48,711 - INFO - epoch  26 | loss:    0.3355,  val_0_unsup_loss_numpy:   20.2663
2025-04-22 13:52:56,684 - INFO - epoch  27 | loss:    0.3362,  val_0_unsup_loss_numpy:   18.2191
2025-04-22 14:39:05,025 - INFO - epoch  28 | loss:    0.3330,  val_0_unsup_loss_numpy:   12.3006
2025-04-22 15:25:13,448 - INFO - epoch  29 | loss:    0.3326,  val_0_unsup_loss_numpy:    6.1979
2025-04-22 16:11:24,958 - INFO - epoch  30 | loss:    0.3334,  val_0_unsup_loss_numpy:    5.0145
2025-04-22 16:57:38,354 - INFO - epoch  31 | loss:    0.3291,  val_0_unsup_loss_numpy:    4.2089
2025-04-22 17:43:54,535 - INFO - epoch  32 | loss:    0.3217,  val_0_unsup_loss_numpy:    3.5196
2025-04-22 18:30:13,739 - INFO - epoch  33 | loss:    0.3279,  val_0_unsup_loss_numpy:    2.4990
