2025-04-29 11:16:31,928 - INFO - Starting TabNet pretraining...
2025-04-29 11:45:43,241 - INFO - epoch   1 | loss:  747.8004,  val_0_unsup_loss_numpy: 3145.9619
2025-04-29 12:14:57,209 - INFO - epoch   2 | loss:  634.3054,  val_0_unsup_loss_numpy: 3467.7798
2025-04-29 12:44:12,960 - INFO - epoch   3 | loss: 2805.1751,  val_0_unsup_loss_numpy: 4233.1323
2025-04-29 13:13:27,564 - INFO - epoch   4 | loss: 1216.8198,  val_0_unsup_loss_numpy: 3455.2737
2025-04-29 13:42:42,228 - INFO - epoch   5 | loss: 1438.0123,  val_0_unsup_loss_numpy: 3509.8477
2025-04-29 14:11:56,676 - INFO - epoch   6 | loss: 1275.1209,  val_0_unsup_loss_numpy: 3711.1687
2025-04-29 14:41:13,661 - INFO - epoch   7 | loss: 2201.8106,  val_0_unsup_loss_numpy: 3035.6318
2025-04-29 15:10:17,076 - INFO - epoch   8 | loss:  978.5665,  val_0_unsup_loss_numpy: 3225.9138
2025-04-29 15:39:34,639 - INFO - epoch   9 | loss: 1845.3157,  val_0_unsup_loss_numpy: 3142.7322
2025-04-29 16:08:50,148 - INFO - epoch  10 | loss: 1234.5366,  val_0_unsup_loss_numpy: 3153.9570
2025-04-29 16:38:07,405 - INFO - epoch  11 | loss:  840.0321,  val_0_unsup_loss_numpy: 3749.4260
2025-04-29 17:07:23,509 - INFO - epoch  12 | loss: 1220.7869,  val_0_unsup_loss_numpy: 4287.0781
2025-04-29 17:36:38,781 - INFO - epoch  13 | loss: 1504.5485,  val_0_unsup_loss_numpy: 3226.2454
2025-04-29 18:05:40,652 - INFO - epoch  14 | loss:  564.0279,  val_0_unsup_loss_numpy: 3834.2063
2025-04-29 18:34:58,861 - INFO - epoch  15 | loss: 1008.3420,  val_0_unsup_loss_numpy: 3553.9453
2025-04-29 19:04:15,552 - INFO - epoch  16 | loss: 1245.1662,  val_0_unsup_loss_numpy: 3510.5227
2025-04-29 19:33:33,647 - INFO - epoch  17 | loss: 1134.7268,  val_0_unsup_loss_numpy: 3545.1516
2025-04-29 20:02:48,740 - INFO - epoch  18 | loss:  483.3350,  val_0_unsup_loss_numpy: 3414.3784
2025-04-29 20:32:06,713 - INFO - epoch  19 | loss:  964.6215,  val_0_unsup_loss_numpy: 4626.0928
2025-04-29 21:01:22,279 - INFO - epoch  20 | loss:  935.8452,  val_0_unsup_loss_numpy: 2864.0754
2025-04-29 21:30:38,997 - INFO - epoch  21 | loss: 1252.9092,  val_0_unsup_loss_numpy: 2750.2964
2025-04-29 21:59:54,327 - INFO - epoch  22 | loss: 1532.2244,  val_0_unsup_loss_numpy: 2696.1023
2025-04-29 22:29:14,335 - INFO - epoch  23 | loss:  736.4512,  val_0_unsup_loss_numpy: 2725.2229
2025-04-29 22:58:32,127 - INFO - epoch  24 | loss: 1033.8343,  val_0_unsup_loss_numpy: 2823.2300
2025-04-29 23:27:51,244 - INFO - epoch  25 | loss:  383.4002,  val_0_unsup_loss_numpy: 2866.4563
2025-04-29 23:57:07,837 - INFO - epoch  26 | loss: 1195.4523,  val_0_unsup_loss_numpy: 2344.3193
2025-04-30 00:26:08,929 - INFO - epoch  27 | loss:  825.8042,  val_0_unsup_loss_numpy: 2158.9971
2025-04-30 00:55:12,181 - INFO - epoch  28 | loss:  840.6455,  val_0_unsup_loss_numpy: 2201.1465
2025-04-30 01:24:15,888 - INFO - epoch  29 | loss:  611.6697,  val_0_unsup_loss_numpy: 2965.1521
