2025-04-27 02:30:30,758 - INFO - Starting TabNet pretraining...
2025-04-27 02:57:17,642 - INFO - epoch   1 | loss:  774.6038,  val_0_unsup_loss_numpy: 4377.6943
2025-04-27 03:24:06,417 - INFO - epoch   2 | loss:  656.8064,  val_0_unsup_loss_numpy: 4379.4727
2025-04-27 03:50:54,570 - INFO - epoch   3 | loss:  860.3576,  val_0_unsup_loss_numpy: 4175.2319
2025-04-27 04:17:42,772 - INFO - epoch   4 | loss:  869.7430,  val_0_unsup_loss_numpy: 4049.9871
2025-04-27 04:44:31,243 - INFO - epoch   5 | loss: 1092.5011,  val_0_unsup_loss_numpy: 3984.9709
2025-04-27 05:11:19,919 - INFO - epoch   6 | loss: 1062.0399,  val_0_unsup_loss_numpy: 3864.3108
2025-04-27 05:38:10,755 - INFO - epoch   7 | loss:  613.1769,  val_0_unsup_loss_numpy: 4225.5762
2025-04-27 06:05:00,191 - INFO - epoch   8 | loss:  549.7949,  val_0_unsup_loss_numpy: 3860.8152
2025-04-27 06:31:48,563 - INFO - epoch   9 | loss:  615.7142,  val_0_unsup_loss_numpy: 4376.2544
2025-04-27 06:58:37,561 - INFO - epoch  10 | loss: 1208.4777,  val_0_unsup_loss_numpy: 2978.4585
2025-04-27 07:25:25,781 - INFO - epoch  11 | loss:  489.6140,  val_0_unsup_loss_numpy: 3392.1477
2025-04-27 07:52:14,757 - INFO - epoch  12 | loss: 1001.1502,  val_0_unsup_loss_numpy: 2757.7356
2025-04-27 08:18:44,786 - INFO - epoch  13 | loss:  904.2388,  val_0_unsup_loss_numpy: 2696.8691
2025-04-27 08:45:23,225 - INFO - epoch  14 | loss:  467.4695,  val_0_unsup_loss_numpy: 1788.8009
2025-04-27 09:12:13,371 - INFO - epoch  15 | loss:  216.9584,  val_0_unsup_loss_numpy:  709.1078
2025-04-27 09:39:03,226 - INFO - epoch  16 | loss:   75.7386,  val_0_unsup_loss_numpy:  296.3447
2025-04-27 10:05:53,518 - INFO - epoch  17 | loss:   15.5824,  val_0_unsup_loss_numpy:  120.0150
2025-04-27 10:32:43,338 - INFO - epoch  18 | loss:    4.6748,  val_0_unsup_loss_numpy:   64.7412
2025-04-27 10:59:35,645 - INFO - epoch  19 | loss:    4.7046,  val_0_unsup_loss_numpy:   29.4294
2025-04-27 11:26:27,968 - INFO - epoch  20 | loss:    3.5799,  val_0_unsup_loss_numpy:   17.7775
2025-04-27 11:53:44,056 - INFO - epoch  21 | loss:    3.3479,  val_0_unsup_loss_numpy:   16.7035
2025-04-27 12:20:37,176 - INFO - epoch  22 | loss:    3.9215,  val_0_unsup_loss_numpy:    8.5084
2025-04-27 12:47:27,565 - INFO - epoch  23 | loss:    2.2295,  val_0_unsup_loss_numpy:    7.2825
2025-04-27 13:14:20,504 - INFO - epoch  24 | loss:    1.8197,  val_0_unsup_loss_numpy:    6.0446
2025-04-27 13:42:16,557 - INFO - epoch  25 | loss:    1.5490,  val_0_unsup_loss_numpy:    3.8932
2025-04-27 14:10:14,723 - INFO - epoch  26 | loss:    1.5481,  val_0_unsup_loss_numpy:    3.6902
2025-04-27 14:37:15,011 - INFO - epoch  27 | loss:    1.2772,  val_0_unsup_loss_numpy:    5.7183
2025-04-27 15:04:17,413 - INFO - epoch  28 | loss:    1.0428,  val_0_unsup_loss_numpy:    5.1244
2025-04-27 15:31:11,840 - INFO - epoch  29 | loss:    1.3766,  val_0_unsup_loss_numpy:    6.5873
2025-04-27 16:00:10,573 - INFO - epoch  30 | loss:    1.0127,  val_0_unsup_loss_numpy:    3.3184
2025-04-27 16:27:37,135 - INFO - epoch  31 | loss:    0.8222,  val_0_unsup_loss_numpy:    3.1726
2025-04-27 16:56:14,009 - INFO - epoch  32 | loss:    0.8549,  val_0_unsup_loss_numpy:    3.2430
2025-04-27 17:23:29,087 - INFO - epoch  33 | loss:    0.7118,  val_0_unsup_loss_numpy:    3.2891
2025-04-27 17:50:35,086 - INFO - epoch  34 | loss:    0.7090,  val_0_unsup_loss_numpy:    3.0788
2025-04-27 18:17:42,363 - INFO - epoch  35 | loss:    0.7829,  val_0_unsup_loss_numpy:    1.6243
2025-04-27 18:47:25,235 - INFO - epoch  36 | loss:    0.6396,  val_0_unsup_loss_numpy:    2.5745
2025-04-27 19:25:16,302 - INFO - epoch  37 | loss:    0.7842,  val_0_unsup_loss_numpy:    4.3683
2025-04-27 20:03:18,104 - INFO - epoch  38 | loss:    0.6012,  val_0_unsup_loss_numpy:    4.9153
2025-04-27 20:41:16,784 - INFO - epoch  39 | loss:    0.6569,  val_0_unsup_loss_numpy:    2.3229
2025-04-27 21:19:17,862 - INFO - epoch  40 | loss:    0.6175,  val_0_unsup_loss_numpy:    4.3732
2025-04-27 21:19:18,167 - INFO - TabNet pretraining finished.
