2025-04-27 02:29:53,520 - INFO - Starting TabNet pretraining...
2025-04-27 03:06:52,328 - INFO - epoch   1 | loss: 1175.1576,  val_0_unsup_loss_numpy: 7958.4902
2025-04-27 03:44:22,414 - INFO - epoch   2 | loss: 4005.7209,  val_0_unsup_loss_numpy: 7515.8286
2025-04-27 04:21:02,097 - INFO - epoch   3 | loss: 1260.4944,  val_0_unsup_loss_numpy: 7692.7451
2025-04-27 04:57:35,498 - INFO - epoch   4 | loss:  593.2250,  val_0_unsup_loss_numpy: 7841.0161
2025-04-27 05:34:05,284 - INFO - epoch   5 | loss: 2784.8928,  val_0_unsup_loss_numpy: 7827.7432
2025-04-27 06:10:28,760 - INFO - epoch   6 | loss:  743.1878,  val_0_unsup_loss_numpy: 7623.8091
2025-04-27 06:46:40,088 - INFO - epoch   7 | loss: 5085.5728,  val_0_unsup_loss_numpy: 7376.2397
2025-04-27 07:22:54,743 - INFO - epoch   8 | loss: 2212.4141,  val_0_unsup_loss_numpy: 7780.8496
2025-04-27 07:59:00,344 - INFO - epoch   9 | loss:  595.6810,  val_0_unsup_loss_numpy: 8735.6162
2025-04-27 08:35:17,363 - INFO - epoch  10 | loss:  582.3106,  val_0_unsup_loss_numpy: 8194.1943
2025-04-27 09:11:21,830 - INFO - epoch  11 | loss: 3025.3332,  val_0_unsup_loss_numpy: 8069.8569
2025-04-27 09:47:17,368 - INFO - epoch  12 | loss: 1402.4260,  val_0_unsup_loss_numpy: 7947.4507
2025-04-27 10:23:39,882 - INFO - epoch  13 | loss:  548.6903,  val_0_unsup_loss_numpy: 7946.9170
2025-04-27 10:59:57,213 - INFO - epoch  14 | loss:  611.1048,  val_0_unsup_loss_numpy: 8579.9561
2025-04-27 11:36:04,553 - INFO - epoch  15 | loss: 2208.2588,  val_0_unsup_loss_numpy: 8134.3521
2025-04-27 12:12:18,578 - INFO - epoch  16 | loss: 1308.4121,  val_0_unsup_loss_numpy: 9059.4082
2025-04-27 12:48:08,690 - INFO - epoch  17 | loss:  743.4435,  val_0_unsup_loss_numpy: 6481.4111
2025-04-27 13:24:01,777 - INFO - epoch  18 | loss: 1560.8199,  val_0_unsup_loss_numpy: 7764.7036
2025-04-27 14:00:15,732 - INFO - epoch  19 | loss: 1846.1441,  val_0_unsup_loss_numpy: 7988.6514
2025-04-27 14:36:38,387 - INFO - epoch  20 | loss:  722.4845,  val_0_unsup_loss_numpy: 5848.4648
2025-04-27 15:13:18,043 - INFO - epoch  21 | loss:  521.3020,  val_0_unsup_loss_numpy: 5464.5029
2025-04-27 15:49:28,233 - INFO - epoch  22 | loss:  514.9296,  val_0_unsup_loss_numpy: 6272.2153
2025-04-27 16:25:49,709 - INFO - epoch  23 | loss: 2163.8635,  val_0_unsup_loss_numpy: 7807.9912
2025-04-27 17:02:00,129 - INFO - epoch  24 | loss:  532.9150,  val_0_unsup_loss_numpy: 7016.9258
2025-04-27 17:38:04,346 - INFO - epoch  25 | loss:  676.9541,  val_0_unsup_loss_numpy: 7245.8589
2025-04-27 18:14:16,286 - INFO - epoch  26 | loss:  732.8684,  val_0_unsup_loss_numpy: 7308.2319
2025-04-27 18:50:14,718 - INFO - epoch  27 | loss: 1269.3805,  val_0_unsup_loss_numpy: 6486.7969
2025-04-27 19:26:12,010 - INFO - epoch  28 | loss: 1116.0124,  val_0_unsup_loss_numpy: 6057.2842
2025-04-27 20:02:17,011 - INFO - epoch  29 | loss: 2179.1244,  val_0_unsup_loss_numpy: 6699.4668
2025-04-27 20:38:24,873 - INFO - epoch  30 | loss:  468.4864,  val_0_unsup_loss_numpy: 6587.0532
2025-04-27 21:14:29,570 - INFO - epoch  31 | loss: 1055.1779,  val_0_unsup_loss_numpy: 6149.2061
2025-04-27 21:50:41,736 - INFO - epoch  32 | loss:  443.6457,  val_0_unsup_loss_numpy: 6834.0571
2025-04-27 22:26:56,434 - INFO - epoch  33 | loss:  964.3057,  val_0_unsup_loss_numpy: 5943.0503
2025-04-27 23:03:11,691 - INFO - epoch  34 | loss: 3267.2840,  val_0_unsup_loss_numpy: 5982.3770
2025-04-27 23:39:31,024 - INFO - epoch  35 | loss: 3005.6099,  val_0_unsup_loss_numpy: 4823.8013
2025-04-28 00:15:38,900 - INFO - epoch  36 | loss:  402.3612,  val_0_unsup_loss_numpy: 6202.3228
2025-04-28 00:52:03,988 - INFO - epoch  37 | loss: 2058.8199,  val_0_unsup_loss_numpy: 5522.0479
2025-04-28 01:28:26,543 - INFO - epoch  38 | loss: 2513.2222,  val_0_unsup_loss_numpy: 4985.3315
2025-04-28 02:04:53,104 - INFO - epoch  39 | loss:  393.7854,  val_0_unsup_loss_numpy: 4638.2729
2025-04-28 02:41:08,211 - INFO - epoch  40 | loss:  384.7765,  val_0_unsup_loss_numpy: 6594.5034
2025-04-28 02:41:08,629 - INFO - TabNet pretraining finished.
