2025-04-28 14:17:03,826 - INFO - Starting TabNet pretraining...
2025-04-28 14:47:29,612 - INFO - epoch   1 | loss: 1212.3980,  val_0_unsup_loss_numpy:10958.4775
2025-04-28 15:17:47,974 - INFO - epoch   2 | loss: 4004.9765,  val_0_unsup_loss_numpy:11510.7178
2025-04-28 15:48:18,118 - INFO - epoch   3 | loss: 1329.5430,  val_0_unsup_loss_numpy:10532.4512
2025-04-28 16:18:48,858 - INFO - epoch   4 | loss:  642.1538,  val_0_unsup_loss_numpy:12743.9561
2025-04-28 16:49:36,884 - INFO - epoch   5 | loss: 2931.2244,  val_0_unsup_loss_numpy:11012.1406
2025-04-28 17:20:29,139 - INFO - epoch   6 | loss:  794.1754,  val_0_unsup_loss_numpy:11580.1045
2025-04-28 17:51:35,788 - INFO - epoch   7 | loss: 5176.0823,  val_0_unsup_loss_numpy:10722.4521
2025-04-28 18:23:04,440 - INFO - epoch   8 | loss: 2393.7103,  val_0_unsup_loss_numpy:11581.5762
2025-04-28 18:54:32,751 - INFO - epoch   9 | loss:  651.9478,  val_0_unsup_loss_numpy:12764.3525
2025-04-28 19:26:01,852 - INFO - epoch  10 | loss:  639.8676,  val_0_unsup_loss_numpy:15713.8125
2025-04-28 19:57:28,353 - INFO - epoch  11 | loss: 3139.3659,  val_0_unsup_loss_numpy:13473.9746
2025-04-28 20:28:54,091 - INFO - epoch  12 | loss: 1489.4512,  val_0_unsup_loss_numpy:17332.5957
2025-04-28 21:00:16,830 - INFO - epoch  13 | loss:  595.7671,  val_0_unsup_loss_numpy:12416.6201
2025-04-28 21:31:00,803 - INFO - epoch  14 | loss:  667.4157,  val_0_unsup_loss_numpy:10726.7754
2025-04-28 22:01:49,784 - INFO - epoch  15 | loss: 2226.8501,  val_0_unsup_loss_numpy:10546.2314
2025-04-28 22:32:09,436 - INFO - epoch  16 | loss: 1334.0849,  val_0_unsup_loss_numpy:11399.2266
2025-04-28 23:02:15,977 - INFO - epoch  17 | loss:  806.8517,  val_0_unsup_loss_numpy:10189.1270
2025-04-28 23:32:29,293 - INFO - epoch  18 | loss: 1612.3040,  val_0_unsup_loss_numpy:11980.5049
2025-04-29 00:03:38,614 - INFO - epoch  19 | loss: 1881.8768,  val_0_unsup_loss_numpy:11661.2129
2025-04-29 00:34:39,923 - INFO - epoch  20 | loss:  753.9511,  val_0_unsup_loss_numpy: 9400.9287
2025-04-29 01:05:43,578 - INFO - epoch  21 | loss:  556.3636,  val_0_unsup_loss_numpy:11496.2021
2025-04-29 01:36:49,224 - INFO - epoch  22 | loss:  551.5435,  val_0_unsup_loss_numpy: 9284.6729
2025-04-29 02:07:53,523 - INFO - epoch  23 | loss: 2213.1368,  val_0_unsup_loss_numpy: 9592.1572
2025-04-29 02:38:53,746 - INFO - epoch  24 | loss:  569.2980,  val_0_unsup_loss_numpy:10914.9287
2025-04-29 03:09:57,569 - INFO - epoch  25 | loss:  709.3981,  val_0_unsup_loss_numpy:11596.3701
2025-04-29 03:40:58,596 - INFO - epoch  26 | loss:  770.2022,  val_0_unsup_loss_numpy: 9589.6504
2025-04-29 04:11:39,873 - INFO - epoch  27 | loss: 1198.7586,  val_0_unsup_loss_numpy:20797.8691
2025-04-29 04:42:01,493 - INFO - epoch  28 | loss: 1108.4888,  val_0_unsup_loss_numpy:13470.8838
2025-04-29 05:13:09,569 - INFO - epoch  29 | loss: 2255.5840,  val_0_unsup_loss_numpy:14727.6123
2025-04-29 05:44:11,671 - INFO - epoch  30 | loss:  494.7403,  val_0_unsup_loss_numpy:19164.4473
2025-04-29 06:15:02,269 - INFO - epoch  31 | loss: 1041.0419,  val_0_unsup_loss_numpy:11998.8809
2025-04-29 06:45:24,836 - INFO - epoch  32 | loss:  466.3350,  val_0_unsup_loss_numpy:12132.0928
2025-04-29 07:16:35,863 - INFO - epoch  33 | loss: 1002.0736,  val_0_unsup_loss_numpy:10326.6689
2025-04-29 07:47:12,836 - INFO - epoch  34 | loss: 3223.7051,  val_0_unsup_loss_numpy:11430.0879
2025-04-29 08:17:23,100 - INFO - epoch  35 | loss: 3054.8845,  val_0_unsup_loss_numpy:10009.2998
2025-04-29 08:47:45,514 - INFO - epoch  36 | loss:  422.7949,  val_0_unsup_loss_numpy:15522.6201
2025-04-29 09:17:52,114 - INFO - epoch  37 | loss: 2079.0309,  val_0_unsup_loss_numpy:16259.4180
2025-04-29 09:48:11,725 - INFO - epoch  38 | loss: 2537.2959,  val_0_unsup_loss_numpy:11382.5898
2025-04-29 10:19:11,476 - INFO - epoch  39 | loss:  409.6958,  val_0_unsup_loss_numpy:10190.4346
2025-04-29 10:49:45,793 - INFO - epoch  40 | loss:  392.5302,  val_0_unsup_loss_numpy:10826.2334
2025-04-29 10:49:46,089 - INFO - TabNet pretraining finished.
